Analysis & Synthesis report for wrapper_7
Wed Apr 19 10:30:39 2023
Quartus II 64-Bit Version 13.0.1 Build 232 06/12/2013 Service Pack 1 SJ Web Edition


---------------------
; Table of Contents ;
---------------------
  1. Legal Notice
  2. Analysis & Synthesis Summary
  3. Analysis & Synthesis Settings
  4. Parallel Compilation
  5. Analysis & Synthesis Source Files Read
  6. Analysis & Synthesis Resource Usage Summary
  7. Analysis & Synthesis Resource Utilization by Entity
  8. User-Specified and Inferred Latches
  9. Registers Removed During Synthesis
 10. General Register Statistics
 11. Inverted Register Statistics
 12. Multiplexer Restructuring Statistics (Restructuring Performed)
 13. Elapsed Time Per Partition
 14. Analysis & Synthesis Messages



----------------
; Legal Notice ;
----------------
Copyright (C) 1991-2013 Altera Corporation
Your use of Altera Corporation's design tools, logic functions 
and other software and tools, and its AMPP partner logic 
functions, and any output files from any of the foregoing 
(including device programming or simulation files), and any 
associated documentation or information are expressly subject 
to the terms and conditions of the Altera Program License 
Subscription Agreement, Altera MegaCore Function License 
Agreement, or other applicable license agreement, including, 
without limitation, that your use is for the sole purpose of 
programming logic devices manufactured by Altera and sold by 
Altera or its authorized distributors.  Please refer to the 
applicable agreement for further details.



+--------------------------------------------------------------------------------------+
; Analysis & Synthesis Summary                                                         ;
+------------------------------------+-------------------------------------------------+
; Analysis & Synthesis Status        ; Successful - Wed Apr 19 10:30:39 2023           ;
; Quartus II 64-Bit Version          ; 13.0.1 Build 232 06/12/2013 SP 1 SJ Web Edition ;
; Revision Name                      ; wrapper_7                                       ;
; Top-level Entity Name              ; wrapper_7                                       ;
; Family                             ; Cyclone II                                      ;
; Total logic elements               ; 4,763                                           ;
;     Total combinational functions  ; 4,763                                           ;
;     Dedicated logic registers      ; 122                                             ;
; Total registers                    ; 122                                             ;
; Total pins                         ; 33                                              ;
; Total virtual pins                 ; 0                                               ;
; Total memory bits                  ; 0                                               ;
; Embedded Multiplier 9-bit elements ; 0                                               ;
; Total PLLs                         ; 0                                               ;
+------------------------------------+-------------------------------------------------+


+----------------------------------------------------------------------------------------------------------------------+
; Analysis & Synthesis Settings                                                                                        ;
+----------------------------------------------------------------------------+--------------------+--------------------+
; Option                                                                     ; Setting            ; Default Value      ;
+----------------------------------------------------------------------------+--------------------+--------------------+
; Device                                                                     ; EP2C35F672C6       ;                    ;
; Top-level entity name                                                      ; wrapper_7          ; wrapper_7          ;
; Family name                                                                ; Cyclone II         ; Cyclone IV GX      ;
; Use smart compilation                                                      ; Off                ; Off                ;
; Enable parallel Assembler and TimeQuest Timing Analyzer during compilation ; On                 ; On                 ;
; Enable compact report table                                                ; Off                ; Off                ;
; Restructure Multiplexers                                                   ; Auto               ; Auto               ;
; Create Debugging Nodes for IP Cores                                        ; Off                ; Off                ;
; Preserve fewer node names                                                  ; On                 ; On                 ;
; Disable OpenCore Plus hardware evaluation                                  ; Off                ; Off                ;
; Verilog Version                                                            ; Verilog_2001       ; Verilog_2001       ;
; VHDL Version                                                               ; VHDL_1993          ; VHDL_1993          ;
; State Machine Processing                                                   ; Auto               ; Auto               ;
; Safe State Machine                                                         ; Off                ; Off                ;
; Extract Verilog State Machines                                             ; On                 ; On                 ;
; Extract VHDL State Machines                                                ; On                 ; On                 ;
; Ignore Verilog initial constructs                                          ; Off                ; Off                ;
; Iteration limit for constant Verilog loops                                 ; 5000               ; 5000               ;
; Iteration limit for non-constant Verilog loops                             ; 250                ; 250                ;
; Add Pass-Through Logic to Inferred RAMs                                    ; On                 ; On                 ;
; Infer RAMs from Raw Logic                                                  ; On                 ; On                 ;
; Parallel Synthesis                                                         ; On                 ; On                 ;
; DSP Block Balancing                                                        ; Auto               ; Auto               ;
; NOT Gate Push-Back                                                         ; On                 ; On                 ;
; Power-Up Don't Care                                                        ; On                 ; On                 ;
; Remove Redundant Logic Cells                                               ; Off                ; Off                ;
; Remove Duplicate Registers                                                 ; On                 ; On                 ;
; Ignore CARRY Buffers                                                       ; Off                ; Off                ;
; Ignore CASCADE Buffers                                                     ; Off                ; Off                ;
; Ignore GLOBAL Buffers                                                      ; Off                ; Off                ;
; Ignore ROW GLOBAL Buffers                                                  ; Off                ; Off                ;
; Ignore LCELL Buffers                                                       ; Off                ; Off                ;
; Ignore SOFT Buffers                                                        ; On                 ; On                 ;
; Limit AHDL Integers to 32 Bits                                             ; Off                ; Off                ;
; Optimization Technique                                                     ; Balanced           ; Balanced           ;
; Carry Chain Length                                                         ; 70                 ; 70                 ;
; Auto Carry Chains                                                          ; On                 ; On                 ;
; Auto Open-Drain Pins                                                       ; On                 ; On                 ;
; Perform WYSIWYG Primitive Resynthesis                                      ; Off                ; Off                ;
; Auto ROM Replacement                                                       ; On                 ; On                 ;
; Auto RAM Replacement                                                       ; On                 ; On                 ;
; Auto Shift Register Replacement                                            ; Auto               ; Auto               ;
; Allow Shift Register Merging across Hierarchies                            ; Auto               ; Auto               ;
; Auto Clock Enable Replacement                                              ; On                 ; On                 ;
; Strict RAM Replacement                                                     ; Off                ; Off                ;
; Allow Synchronous Control Signals                                          ; On                 ; On                 ;
; Force Use of Synchronous Clear Signals                                     ; Off                ; Off                ;
; Auto RAM to Logic Cell Conversion                                          ; Off                ; Off                ;
; Auto Resource Sharing                                                      ; Off                ; Off                ;
; Allow Any RAM Size For Recognition                                         ; Off                ; Off                ;
; Allow Any ROM Size For Recognition                                         ; Off                ; Off                ;
; Allow Any Shift Register Size For Recognition                              ; Off                ; Off                ;
; Use LogicLock Constraints during Resource Balancing                        ; On                 ; On                 ;
; Ignore translate_off and synthesis_off directives                          ; Off                ; Off                ;
; Timing-Driven Synthesis                                                    ; Off                ; Off                ;
; Report Parameter Settings                                                  ; On                 ; On                 ;
; Report Source Assignments                                                  ; On                 ; On                 ;
; Report Connectivity Checks                                                 ; On                 ; On                 ;
; Ignore Maximum Fan-Out Assignments                                         ; Off                ; Off                ;
; Synchronization Register Chain Length                                      ; 2                  ; 2                  ;
; PowerPlay Power Optimization                                               ; Normal compilation ; Normal compilation ;
; HDL message level                                                          ; Level2             ; Level2             ;
; Suppress Register Optimization Related Messages                            ; Off                ; Off                ;
; Number of Removed Registers Reported in Synthesis Report                   ; 5000               ; 5000               ;
; Number of Swept Nodes Reported in Synthesis Report                         ; 5000               ; 5000               ;
; Number of Inverted Registers Reported in Synthesis Report                  ; 100                ; 100                ;
; Clock MUX Protection                                                       ; On                 ; On                 ;
; Auto Gated Clock Conversion                                                ; Off                ; Off                ;
; Block Design Naming                                                        ; Auto               ; Auto               ;
; SDC constraint protection                                                  ; Off                ; Off                ;
; Synthesis Effort                                                           ; Auto               ; Auto               ;
; Shift Register Replacement - Allow Asynchronous Clear Signal               ; On                 ; On                 ;
; Pre-Mapping Resynthesis Optimization                                       ; Off                ; Off                ;
; Analysis & Synthesis Message Level                                         ; Medium             ; Medium             ;
; Disable Register Merging Across Hierarchies                                ; Auto               ; Auto               ;
; Resource Aware Inference For Block RAM                                     ; On                 ; On                 ;
; Synthesis Seed                                                             ; 1                  ; 1                  ;
+----------------------------------------------------------------------------+--------------------+--------------------+


Parallel compilation was disabled, but you have multiple processors available. Enable parallel compilation to reduce compilation time.
+-------------------------------------+
; Parallel Compilation                ;
+----------------------------+--------+
; Processors                 ; Number ;
+----------------------------+--------+
; Number detected on machine ; 16     ;
; Maximum allowed            ; 1      ;
+----------------------------+--------+


+----------------------------------------------------------------------------------------------------------------------------------------------------------------------------------------------------------------------------------+
; Analysis & Synthesis Source Files Read                                                                                                                                                                                           ;
+-----------------------------------------------------------------------------------+-----------------+------------------------------+-----------------------------------------------------------------------------------+---------+
; File Name with User-Entered Path                                                  ; Used in Netlist ; File Type                    ; File Name with Absolute Path                                                      ; Library ;
+-----------------------------------------------------------------------------------+-----------------+------------------------------+-----------------------------------------------------------------------------------+---------+
; //wsl.localhost/Ubuntu-20.04/home/hoanghungcb1/projects/bai7/quartus/wrapper_7.sv ; yes             ; User SystemVerilog HDL File  ; //wsl.localhost/Ubuntu-20.04/home/hoanghungcb1/projects/bai7/quartus/wrapper_7.sv ;         ;
; //wsl.localhost/Ubuntu-20.04/home/hoanghungcb1/projects/bai7/src/sqrt.sv          ; yes             ; User SystemVerilog HDL File  ; //wsl.localhost/Ubuntu-20.04/home/hoanghungcb1/projects/bai7/src/sqrt.sv          ;         ;
; //wsl.localhost/Ubuntu-20.04/home/hoanghungcb1/projects/bai7/src/LCD.sv           ; yes             ; User SystemVerilog HDL File  ; //wsl.localhost/Ubuntu-20.04/home/hoanghungcb1/projects/bai7/src/LCD.sv           ;         ;
; //wsl.localhost/Ubuntu-20.04/home/hoanghungcb1/projects/bai7/src/design_7.sv      ; yes             ; User SystemVerilog HDL File  ; //wsl.localhost/Ubuntu-20.04/home/hoanghungcb1/projects/bai7/src/design_7.sv      ;         ;
; //wsl.localhost/Ubuntu-20.04/home/hoanghungcb1/projects/bai7/src/binh_phuong.sv   ; yes             ; User SystemVerilog HDL File  ; //wsl.localhost/Ubuntu-20.04/home/hoanghungcb1/projects/bai7/src/binh_phuong.sv   ;         ;
; //wsl.localhost/Ubuntu-20.04/home/hoanghungcb1/projects/bai7/src/bin2dec.sv       ; yes             ; User SystemVerilog HDL File  ; //wsl.localhost/Ubuntu-20.04/home/hoanghungcb1/projects/bai7/src/bin2dec.sv       ;         ;
+-----------------------------------------------------------------------------------+-----------------+------------------------------+-----------------------------------------------------------------------------------+---------+


+--------------------------------------------------------+
; Analysis & Synthesis Resource Usage Summary            ;
+---------------------------------------------+----------+
; Resource                                    ; Usage    ;
+---------------------------------------------+----------+
; Estimated Total logic elements              ; 4,763    ;
;                                             ;          ;
; Total combinational functions               ; 4763     ;
; Logic element usage by number of LUT inputs ;          ;
;     -- 4 input functions                    ; 1557     ;
;     -- 3 input functions                    ; 1391     ;
;     -- <=2 input functions                  ; 1815     ;
;                                             ;          ;
; Logic elements by mode                      ;          ;
;     -- normal mode                          ; 2488     ;
;     -- arithmetic mode                      ; 2275     ;
;                                             ;          ;
; Total registers                             ; 122      ;
;     -- Dedicated logic registers            ; 122      ;
;     -- I/O registers                        ; 0        ;
;                                             ;          ;
; I/O pins                                    ; 33       ;
; Embedded Multiplier 9-bit elements          ; 0        ;
; Maximum fan-out node                        ; CLOCK_50 ;
; Maximum fan-out                             ; 122      ;
; Total fan-out                               ; 14193    ;
; Average fan-out                             ; 2.89     ;
+---------------------------------------------+----------+


+------------------------------------------------------------------------------------------------------------------------------------------------------------------------------------------------------------------+
; Analysis & Synthesis Resource Utilization by Entity                                                                                                                                                              ;
+-----------------------------------+-------------------+--------------+-------------+--------------+---------+-----------+------+--------------+---------------------------------------------------+--------------+
; Compilation Hierarchy Node        ; LC Combinationals ; LC Registers ; Memory Bits ; DSP Elements ; DSP 9x9 ; DSP 18x18 ; Pins ; Virtual Pins ; Full Hierarchy Name                               ; Library Name ;
+-----------------------------------+-------------------+--------------+-------------+--------------+---------+-----------+------+--------------+---------------------------------------------------+--------------+
; |wrapper_7                        ; 4763 (0)          ; 122 (0)      ; 0           ; 0            ; 0       ; 0         ; 33   ; 0            ; |wrapper_7                                        ; work         ;
;    |design_7:dut|                 ; 4763 (65)         ; 122 (0)      ; 0           ; 0            ; 0       ; 0         ; 0    ; 0            ; |wrapper_7|design_7:dut                           ; work         ;
;       |LCD:LCD|                   ; 222 (222)         ; 122 (122)    ; 0           ; 0            ; 0       ; 0         ; 0    ; 0            ; |wrapper_7|design_7:dut|LCD:LCD                   ; work         ;
;       |bin2dec:bin2dec0|          ; 1168 (1168)       ; 0 (0)        ; 0           ; 0            ; 0       ; 0         ; 0    ; 0            ; |wrapper_7|design_7:dut|bin2dec:bin2dec0          ; work         ;
;       |bin2dec:bin2dec1|          ; 1205 (1205)       ; 0 (0)        ; 0           ; 0            ; 0       ; 0         ; 0    ; 0            ; |wrapper_7|design_7:dut|bin2dec:bin2dec1          ; work         ;
;       |binh_phuong:binh_phuong_A| ; 409 (409)         ; 0 (0)        ; 0           ; 0            ; 0       ; 0         ; 0    ; 0            ; |wrapper_7|design_7:dut|binh_phuong:binh_phuong_A ; work         ;
;       |binh_phuong:binh_phuong_B| ; 409 (409)         ; 0 (0)        ; 0           ; 0            ; 0       ; 0         ; 0    ; 0            ; |wrapper_7|design_7:dut|binh_phuong:binh_phuong_B ; work         ;
;       |sqrt:sqrt0|                ; 1285 (1285)       ; 0 (0)        ; 0           ; 0            ; 0       ; 0         ; 0    ; 0            ; |wrapper_7|design_7:dut|sqrt:sqrt0                ; work         ;
+-----------------------------------+-------------------+--------------+-------------+--------------+---------+-----------+------+--------------+---------------------------------------------------+--------------+
Note: For table entries with two numbers listed, the numbers in parentheses indicate the number of resources of the given type used by the specific entity alone. The numbers listed outside of parentheses indicate the total resources of the given type used by the specific entity and all of its sub-entities in the hierarchy.


+----------------------------------------------------------------------------------------------------+
; User-Specified and Inferred Latches                                                                ;
+-----------------------------------------------------+---------------------+------------------------+
; Latch Name                                          ; Latch Enable Signal ; Free of Timing Hazards ;
+-----------------------------------------------------+---------------------+------------------------+
; design_7:dut|B[4]                                   ; KEY[1]              ; yes                    ;
; design_7:dut|B[15]                                  ; KEY[1]              ; yes                    ;
; design_7:dut|B[14]                                  ; KEY[1]              ; yes                    ;
; design_7:dut|B[13]                                  ; KEY[1]              ; yes                    ;
; design_7:dut|B[12]                                  ; KEY[1]              ; yes                    ;
; design_7:dut|B[11]                                  ; KEY[1]              ; yes                    ;
; design_7:dut|B[0]                                   ; KEY[1]              ; yes                    ;
; design_7:dut|B[10]                                  ; KEY[1]              ; yes                    ;
; design_7:dut|B[9]                                   ; KEY[1]              ; yes                    ;
; design_7:dut|B[8]                                   ; KEY[1]              ; yes                    ;
; design_7:dut|B[7]                                   ; KEY[1]              ; yes                    ;
; design_7:dut|B[6]                                   ; KEY[1]              ; yes                    ;
; design_7:dut|B[5]                                   ; KEY[1]              ; yes                    ;
; design_7:dut|B[3]                                   ; KEY[1]              ; yes                    ;
; design_7:dut|B[2]                                   ; KEY[1]              ; yes                    ;
; design_7:dut|B[1]                                   ; KEY[1]              ; yes                    ;
; design_7:dut|A[4]                                   ; KEY[0]              ; yes                    ;
; design_7:dut|A[15]                                  ; KEY[0]              ; yes                    ;
; design_7:dut|A[14]                                  ; KEY[0]              ; yes                    ;
; design_7:dut|A[13]                                  ; KEY[0]              ; yes                    ;
; design_7:dut|A[12]                                  ; KEY[0]              ; yes                    ;
; design_7:dut|A[11]                                  ; KEY[0]              ; yes                    ;
; design_7:dut|A[0]                                   ; KEY[0]              ; yes                    ;
; design_7:dut|A[10]                                  ; KEY[0]              ; yes                    ;
; design_7:dut|A[9]                                   ; KEY[0]              ; yes                    ;
; design_7:dut|A[8]                                   ; KEY[0]              ; yes                    ;
; design_7:dut|A[7]                                   ; KEY[0]              ; yes                    ;
; design_7:dut|A[6]                                   ; KEY[0]              ; yes                    ;
; design_7:dut|A[5]                                   ; KEY[0]              ; yes                    ;
; design_7:dut|A[3]                                   ; KEY[0]              ; yes                    ;
; design_7:dut|A[2]                                   ; KEY[0]              ; yes                    ;
; design_7:dut|A[1]                                   ; KEY[0]              ; yes                    ;
; Number of user-specified and inferred latches = 32  ;                     ;                        ;
+-----------------------------------------------------+---------------------+------------------------+
Note: All latches listed above may not be present at the end of synthesis due to various synthesis optimizations.


+----------------------------------------------------------------------------------+
; Registers Removed During Synthesis                                               ;
+-----------------------------------------+----------------------------------------+
; Register name                           ; Reason for Removal                     ;
+-----------------------------------------+----------------------------------------+
; design_7:dut|LCD:LCD|Datas[26][0]       ; Stuck at GND due to stuck port data_in ;
; design_7:dut|LCD:LCD|Datas[26][1]       ; Stuck at VCC due to stuck port data_in ;
; design_7:dut|LCD:LCD|Datas[26][2]       ; Stuck at VCC due to stuck port data_in ;
; design_7:dut|LCD:LCD|Datas[26][3]       ; Stuck at VCC due to stuck port data_in ;
; design_7:dut|LCD:LCD|Datas[26][4]       ; Stuck at GND due to stuck port data_in ;
; design_7:dut|LCD:LCD|Datas[26][5]       ; Stuck at VCC due to stuck port data_in ;
; design_7:dut|LCD:LCD|Datas[26][6]       ; Stuck at GND due to stuck port data_in ;
; design_7:dut|LCD:LCD|Datas[26][7]       ; Stuck at GND due to stuck port data_in ;
; design_7:dut|LCD:LCD|Datas[20][0]       ; Stuck at GND due to stuck port data_in ;
; design_7:dut|LCD:LCD|Datas[20][1]       ; Stuck at VCC due to stuck port data_in ;
; design_7:dut|LCD:LCD|Datas[20][2]       ; Stuck at GND due to stuck port data_in ;
; design_7:dut|LCD:LCD|Datas[20][3]       ; Stuck at GND due to stuck port data_in ;
; design_7:dut|LCD:LCD|Datas[20][4]       ; Stuck at GND due to stuck port data_in ;
; design_7:dut|LCD:LCD|Datas[20][5]       ; Stuck at GND due to stuck port data_in ;
; design_7:dut|LCD:LCD|Datas[20][6]       ; Stuck at VCC due to stuck port data_in ;
; design_7:dut|LCD:LCD|Datas[20][7]       ; Stuck at VCC due to stuck port data_in ;
; design_7:dut|LCD:LCD|Datas[19][0]       ; Stuck at VCC due to stuck port data_in ;
; design_7:dut|LCD:LCD|Datas[19][1]       ; Stuck at GND due to stuck port data_in ;
; design_7:dut|LCD:LCD|Datas[19][2]       ; Stuck at VCC due to stuck port data_in ;
; design_7:dut|LCD:LCD|Datas[19][3]       ; Stuck at VCC due to stuck port data_in ;
; design_7:dut|LCD:LCD|Datas[19][4]       ; Stuck at VCC due to stuck port data_in ;
; design_7:dut|LCD:LCD|Datas[19][5]       ; Stuck at VCC due to stuck port data_in ;
; design_7:dut|LCD:LCD|Datas[19][6]       ; Stuck at GND due to stuck port data_in ;
; design_7:dut|LCD:LCD|Datas[19][7]       ; Stuck at GND due to stuck port data_in ;
; design_7:dut|LCD:LCD|Datas[18][0]       ; Stuck at VCC due to stuck port data_in ;
; design_7:dut|LCD:LCD|Datas[18][1]       ; Stuck at GND due to stuck port data_in ;
; design_7:dut|LCD:LCD|Datas[18][2]       ; Stuck at GND due to stuck port data_in ;
; design_7:dut|LCD:LCD|Datas[18][3]       ; Stuck at VCC due to stuck port data_in ;
; design_7:dut|LCD:LCD|Datas[18][4]       ; Stuck at GND due to stuck port data_in ;
; design_7:dut|LCD:LCD|Datas[18][5]       ; Stuck at VCC due to stuck port data_in ;
; design_7:dut|LCD:LCD|Datas[18][6]       ; Stuck at GND due to stuck port data_in ;
; design_7:dut|LCD:LCD|Datas[18][7]       ; Stuck at GND due to stuck port data_in ;
; design_7:dut|LCD:LCD|Datas[17][0]       ; Stuck at GND due to stuck port data_in ;
; design_7:dut|LCD:LCD|Datas[17][1]       ; Stuck at VCC due to stuck port data_in ;
; design_7:dut|LCD:LCD|Datas[17][2]       ; Stuck at GND due to stuck port data_in ;
; design_7:dut|LCD:LCD|Datas[17][3]       ; Stuck at GND due to stuck port data_in ;
; design_7:dut|LCD:LCD|Datas[17][4]       ; Stuck at VCC due to stuck port data_in ;
; design_7:dut|LCD:LCD|Datas[17][5]       ; Stuck at VCC due to stuck port data_in ;
; design_7:dut|LCD:LCD|Datas[17][6]       ; Stuck at GND due to stuck port data_in ;
; design_7:dut|LCD:LCD|Datas[17][7]       ; Stuck at GND due to stuck port data_in ;
; design_7:dut|LCD:LCD|Datas[16][0]       ; Stuck at GND due to stuck port data_in ;
; design_7:dut|LCD:LCD|Datas[16][1]       ; Stuck at VCC due to stuck port data_in ;
; design_7:dut|LCD:LCD|Datas[16][2]       ; Stuck at VCC due to stuck port data_in ;
; design_7:dut|LCD:LCD|Datas[16][3]       ; Stuck at VCC due to stuck port data_in ;
; design_7:dut|LCD:LCD|Datas[16][4]       ; Stuck at VCC due to stuck port data_in ;
; design_7:dut|LCD:LCD|Datas[16][5]       ; Stuck at GND due to stuck port data_in ;
; design_7:dut|LCD:LCD|Datas[16][6]       ; Stuck at VCC due to stuck port data_in ;
; design_7:dut|LCD:LCD|Datas[16][7]       ; Stuck at GND due to stuck port data_in ;
; design_7:dut|LCD:LCD|Datas[15][0]       ; Stuck at VCC due to stuck port data_in ;
; design_7:dut|LCD:LCD|Datas[15][1]       ; Stuck at GND due to stuck port data_in ;
; design_7:dut|LCD:LCD|Datas[15][2]       ; Stuck at GND due to stuck port data_in ;
; design_7:dut|LCD:LCD|Datas[15][3]       ; Stuck at VCC due to stuck port data_in ;
; design_7:dut|LCD:LCD|Datas[15][4]       ; Stuck at VCC due to stuck port data_in ;
; design_7:dut|LCD:LCD|Datas[15][5]       ; Stuck at GND due to stuck port data_in ;
; design_7:dut|LCD:LCD|Datas[15][6]       ; Stuck at VCC due to stuck port data_in ;
; design_7:dut|LCD:LCD|Datas[15][7]       ; Stuck at GND due to stuck port data_in ;
; design_7:dut|LCD:LCD|Datas[14][0]       ; Stuck at VCC due to stuck port data_in ;
; design_7:dut|LCD:LCD|Datas[14][1]       ; Stuck at VCC due to stuck port data_in ;
; design_7:dut|LCD:LCD|Datas[14][2]       ; Stuck at GND due to stuck port data_in ;
; design_7:dut|LCD:LCD|Datas[14][3]       ; Stuck at VCC due to stuck port data_in ;
; design_7:dut|LCD:LCD|Datas[14][4]       ; Stuck at GND due to stuck port data_in ;
; design_7:dut|LCD:LCD|Datas[14][5]       ; Stuck at VCC due to stuck port data_in ;
; design_7:dut|LCD:LCD|Datas[14][6]       ; Stuck at GND due to stuck port data_in ;
; design_7:dut|LCD:LCD|Datas[14][7]       ; Stuck at GND due to stuck port data_in ;
; design_7:dut|LCD:LCD|Datas[13][0]       ; Stuck at GND due to stuck port data_in ;
; design_7:dut|LCD:LCD|Datas[13][1]       ; Stuck at VCC due to stuck port data_in ;
; design_7:dut|LCD:LCD|Datas[13][2]       ; Stuck at GND due to stuck port data_in ;
; design_7:dut|LCD:LCD|Datas[13][3]       ; Stuck at GND due to stuck port data_in ;
; design_7:dut|LCD:LCD|Datas[13][4]       ; Stuck at VCC due to stuck port data_in ;
; design_7:dut|LCD:LCD|Datas[13][5]       ; Stuck at VCC due to stuck port data_in ;
; design_7:dut|LCD:LCD|Datas[13][6]       ; Stuck at GND due to stuck port data_in ;
; design_7:dut|LCD:LCD|Datas[13][7]       ; Stuck at GND due to stuck port data_in ;
; design_7:dut|LCD:LCD|Datas[12][0]       ; Stuck at GND due to stuck port data_in ;
; design_7:dut|LCD:LCD|Datas[12][1]       ; Stuck at VCC due to stuck port data_in ;
; design_7:dut|LCD:LCD|Datas[12][2]       ; Stuck at VCC due to stuck port data_in ;
; design_7:dut|LCD:LCD|Datas[12][3]       ; Stuck at VCC due to stuck port data_in ;
; design_7:dut|LCD:LCD|Datas[12][4]       ; Stuck at VCC due to stuck port data_in ;
; design_7:dut|LCD:LCD|Datas[12][5]       ; Stuck at GND due to stuck port data_in ;
; design_7:dut|LCD:LCD|Datas[12][6]       ; Stuck at VCC due to stuck port data_in ;
; design_7:dut|LCD:LCD|Datas[12][7]       ; Stuck at GND due to stuck port data_in ;
; design_7:dut|LCD:LCD|Datas[11][0]       ; Stuck at GND due to stuck port data_in ;
; design_7:dut|LCD:LCD|Datas[11][1]       ; Stuck at GND due to stuck port data_in ;
; design_7:dut|LCD:LCD|Datas[11][2]       ; Stuck at GND due to stuck port data_in ;
; design_7:dut|LCD:LCD|Datas[11][3]       ; Stuck at VCC due to stuck port data_in ;
; design_7:dut|LCD:LCD|Datas[11][4]       ; Stuck at VCC due to stuck port data_in ;
; design_7:dut|LCD:LCD|Datas[11][5]       ; Stuck at GND due to stuck port data_in ;
; design_7:dut|LCD:LCD|Datas[11][6]       ; Stuck at VCC due to stuck port data_in ;
; design_7:dut|LCD:LCD|Datas[11][7]       ; Stuck at GND due to stuck port data_in ;
; design_7:dut|LCD:LCD|Datas[10][0]       ; Stuck at GND due to stuck port data_in ;
; design_7:dut|LCD:LCD|Datas[10][1]       ; Stuck at GND due to stuck port data_in ;
; design_7:dut|LCD:LCD|Datas[10][2]       ; Stuck at GND due to stuck port data_in ;
; design_7:dut|LCD:LCD|Datas[10][3]       ; Stuck at VCC due to stuck port data_in ;
; design_7:dut|LCD:LCD|Datas[10][4]       ; Stuck at GND due to stuck port data_in ;
; design_7:dut|LCD:LCD|Datas[10][5]       ; Stuck at VCC due to stuck port data_in ;
; design_7:dut|LCD:LCD|Datas[10][6]       ; Stuck at GND due to stuck port data_in ;
; design_7:dut|LCD:LCD|Datas[10][7]       ; Stuck at GND due to stuck port data_in ;
; design_7:dut|LCD:LCD|Datas[9][0]        ; Stuck at GND due to stuck port data_in ;
; design_7:dut|LCD:LCD|Datas[9][1]        ; Stuck at GND due to stuck port data_in ;
; design_7:dut|LCD:LCD|Datas[9][2]        ; Stuck at VCC due to stuck port data_in ;
; design_7:dut|LCD:LCD|Datas[9][3]        ; Stuck at GND due to stuck port data_in ;
; design_7:dut|LCD:LCD|Datas[9][4]        ; Stuck at VCC due to stuck port data_in ;
; design_7:dut|LCD:LCD|Datas[9][5]        ; Stuck at GND due to stuck port data_in ;
; design_7:dut|LCD:LCD|Datas[9][6]        ; Stuck at VCC due to stuck port data_in ;
; design_7:dut|LCD:LCD|Datas[9][7]        ; Stuck at GND due to stuck port data_in ;
; design_7:dut|LCD:LCD|Datas[8][0]        ; Stuck at GND due to stuck port data_in ;
; design_7:dut|LCD:LCD|Datas[8][1]        ; Stuck at VCC due to stuck port data_in ;
; design_7:dut|LCD:LCD|Datas[8][2]        ; Stuck at GND due to stuck port data_in ;
; design_7:dut|LCD:LCD|Datas[8][3]        ; Stuck at GND due to stuck port data_in ;
; design_7:dut|LCD:LCD|Datas[8][4]        ; Stuck at VCC due to stuck port data_in ;
; design_7:dut|LCD:LCD|Datas[8][5]        ; Stuck at GND due to stuck port data_in ;
; design_7:dut|LCD:LCD|Datas[8][6]        ; Stuck at VCC due to stuck port data_in ;
; design_7:dut|LCD:LCD|Datas[8][7]        ; Stuck at GND due to stuck port data_in ;
; design_7:dut|LCD:LCD|Datas[7][0]        ; Stuck at VCC due to stuck port data_in ;
; design_7:dut|LCD:LCD|Datas[7][1]        ; Stuck at GND due to stuck port data_in ;
; design_7:dut|LCD:LCD|Datas[7][2]        ; Stuck at GND due to stuck port data_in ;
; design_7:dut|LCD:LCD|Datas[7][3]        ; Stuck at GND due to stuck port data_in ;
; design_7:dut|LCD:LCD|Datas[7][4]        ; Stuck at VCC due to stuck port data_in ;
; design_7:dut|LCD:LCD|Datas[7][5]        ; Stuck at GND due to stuck port data_in ;
; design_7:dut|LCD:LCD|Datas[7][6]        ; Stuck at VCC due to stuck port data_in ;
; design_7:dut|LCD:LCD|Datas[7][7]        ; Stuck at GND due to stuck port data_in ;
; design_7:dut|LCD:LCD|Datas[6][0]        ; Stuck at VCC due to stuck port data_in ;
; design_7:dut|LCD:LCD|Datas[6][1]        ; Stuck at VCC due to stuck port data_in ;
; design_7:dut|LCD:LCD|Datas[6][2]        ; Stuck at GND due to stuck port data_in ;
; design_7:dut|LCD:LCD|Datas[6][3]        ; Stuck at GND due to stuck port data_in ;
; design_7:dut|LCD:LCD|Datas[6][4]        ; Stuck at VCC due to stuck port data_in ;
; design_7:dut|LCD:LCD|Datas[6][5]        ; Stuck at GND due to stuck port data_in ;
; design_7:dut|LCD:LCD|Datas[6][6]        ; Stuck at VCC due to stuck port data_in ;
; design_7:dut|LCD:LCD|Datas[6][7]        ; Stuck at GND due to stuck port data_in ;
; design_7:dut|LCD:LCD|Datas[5][0]        ; Stuck at GND due to stuck port data_in ;
; design_7:dut|LCD:LCD|Datas[5][1]        ; Stuck at GND due to stuck port data_in ;
; design_7:dut|LCD:LCD|Datas[5][2]        ; Stuck at GND due to stuck port data_in ;
; design_7:dut|LCD:LCD|Datas[5][3]        ; Stuck at GND due to stuck port data_in ;
; design_7:dut|LCD:LCD|Datas[5][4]        ; Stuck at GND due to stuck port data_in ;
; design_7:dut|LCD:LCD|Datas[5][5]        ; Stuck at GND due to stuck port data_in ;
; design_7:dut|LCD:LCD|Datas[5][6]        ; Stuck at GND due to stuck port data_in ;
; design_7:dut|LCD:LCD|Datas[5][7]        ; Stuck at VCC due to stuck port data_in ;
; design_7:dut|LCD:LCD|Datas[4][0]        ; Stuck at VCC due to stuck port data_in ;
; design_7:dut|LCD:LCD|Datas[4][1]        ; Stuck at GND due to stuck port data_in ;
; design_7:dut|LCD:LCD|Datas[4][2]        ; Stuck at GND due to stuck port data_in ;
; design_7:dut|LCD:LCD|Datas[4][3]        ; Stuck at GND due to stuck port data_in ;
; design_7:dut|LCD:LCD|Datas[4][4]        ; Stuck at GND due to stuck port data_in ;
; design_7:dut|LCD:LCD|Datas[4][5]        ; Stuck at GND due to stuck port data_in ;
; design_7:dut|LCD:LCD|Datas[4][6]        ; Stuck at GND due to stuck port data_in ;
; design_7:dut|LCD:LCD|Datas[4][7]        ; Stuck at GND due to stuck port data_in ;
; design_7:dut|LCD:LCD|Datas[3][0]        ; Stuck at GND due to stuck port data_in ;
; design_7:dut|LCD:LCD|Datas[3][1]        ; Stuck at VCC due to stuck port data_in ;
; design_7:dut|LCD:LCD|Datas[3][2]        ; Stuck at VCC due to stuck port data_in ;
; design_7:dut|LCD:LCD|Datas[3][3]        ; Stuck at GND due to stuck port data_in ;
; design_7:dut|LCD:LCD|Datas[3][4]        ; Stuck at GND due to stuck port data_in ;
; design_7:dut|LCD:LCD|Datas[3][5]        ; Stuck at GND due to stuck port data_in ;
; design_7:dut|LCD:LCD|Datas[3][6]        ; Stuck at GND due to stuck port data_in ;
; design_7:dut|LCD:LCD|Datas[3][7]        ; Stuck at GND due to stuck port data_in ;
; design_7:dut|LCD:LCD|Datas[2][0]        ; Stuck at GND due to stuck port data_in ;
; design_7:dut|LCD:LCD|Datas[2][1]        ; Stuck at GND due to stuck port data_in ;
; design_7:dut|LCD:LCD|Datas[2][2]        ; Stuck at VCC due to stuck port data_in ;
; design_7:dut|LCD:LCD|Datas[2][3]        ; Stuck at VCC due to stuck port data_in ;
; design_7:dut|LCD:LCD|Datas[2][4]        ; Stuck at GND due to stuck port data_in ;
; design_7:dut|LCD:LCD|Datas[2][5]        ; Stuck at GND due to stuck port data_in ;
; design_7:dut|LCD:LCD|Datas[2][6]        ; Stuck at GND due to stuck port data_in ;
; design_7:dut|LCD:LCD|Datas[2][7]        ; Stuck at GND due to stuck port data_in ;
; design_7:dut|LCD:LCD|Datas[1][0]        ; Stuck at GND due to stuck port data_in ;
; design_7:dut|LCD:LCD|Datas[1][1]        ; Stuck at GND due to stuck port data_in ;
; design_7:dut|LCD:LCD|Datas[1][2]        ; Stuck at GND due to stuck port data_in ;
; design_7:dut|LCD:LCD|Datas[1][3]        ; Stuck at VCC due to stuck port data_in ;
; design_7:dut|LCD:LCD|Datas[1][4]        ; Stuck at VCC due to stuck port data_in ;
; design_7:dut|LCD:LCD|Datas[1][5]        ; Stuck at VCC due to stuck port data_in ;
; design_7:dut|LCD:LCD|Datas[1][6]        ; Stuck at GND due to stuck port data_in ;
; design_7:dut|LCD:LCD|Datas[1][7]        ; Stuck at GND due to stuck port data_in ;
; design_7:dut|LCD:LCD|lcd_rw             ; Stuck at GND due to stuck port data_in ;
; design_7:dut|LCD:LCD|lcd_on             ; Stuck at VCC due to stuck port data_in ;
; design_7:dut|LCD:LCD|lcd_blon           ; Stuck at VCC due to stuck port data_in ;
; design_7:dut|LCD:LCD|Datas[30][4]       ; Stuck at VCC due to stuck port data_in ;
; design_7:dut|LCD:LCD|Datas[30][5]       ; Stuck at VCC due to stuck port data_in ;
; design_7:dut|LCD:LCD|Datas[30][6]       ; Stuck at GND due to stuck port data_in ;
; design_7:dut|LCD:LCD|Datas[30][7]       ; Stuck at GND due to stuck port data_in ;
; design_7:dut|LCD:LCD|Datas[29][4]       ; Stuck at VCC due to stuck port data_in ;
; design_7:dut|LCD:LCD|Datas[29][5]       ; Stuck at VCC due to stuck port data_in ;
; design_7:dut|LCD:LCD|Datas[29][6]       ; Stuck at GND due to stuck port data_in ;
; design_7:dut|LCD:LCD|Datas[29][7]       ; Stuck at GND due to stuck port data_in ;
; design_7:dut|LCD:LCD|Datas[28][4]       ; Stuck at VCC due to stuck port data_in ;
; design_7:dut|LCD:LCD|Datas[28][5]       ; Stuck at VCC due to stuck port data_in ;
; design_7:dut|LCD:LCD|Datas[28][6]       ; Stuck at GND due to stuck port data_in ;
; design_7:dut|LCD:LCD|Datas[28][7]       ; Stuck at GND due to stuck port data_in ;
; design_7:dut|LCD:LCD|Datas[27][4]       ; Stuck at VCC due to stuck port data_in ;
; design_7:dut|LCD:LCD|Datas[27][5]       ; Stuck at VCC due to stuck port data_in ;
; design_7:dut|LCD:LCD|Datas[27][6]       ; Stuck at GND due to stuck port data_in ;
; design_7:dut|LCD:LCD|Datas[27][7]       ; Stuck at GND due to stuck port data_in ;
; design_7:dut|LCD:LCD|Datas[24][4]       ; Stuck at VCC due to stuck port data_in ;
; design_7:dut|LCD:LCD|Datas[24][5]       ; Stuck at VCC due to stuck port data_in ;
; design_7:dut|LCD:LCD|Datas[24][6]       ; Stuck at GND due to stuck port data_in ;
; design_7:dut|LCD:LCD|Datas[24][7]       ; Stuck at GND due to stuck port data_in ;
; design_7:dut|LCD:LCD|Datas[23][4]       ; Stuck at VCC due to stuck port data_in ;
; design_7:dut|LCD:LCD|Datas[23][5]       ; Stuck at VCC due to stuck port data_in ;
; design_7:dut|LCD:LCD|Datas[23][6]       ; Stuck at GND due to stuck port data_in ;
; design_7:dut|LCD:LCD|Datas[23][7]       ; Stuck at GND due to stuck port data_in ;
; design_7:dut|LCD:LCD|Datas[22][4]       ; Stuck at VCC due to stuck port data_in ;
; design_7:dut|LCD:LCD|Datas[22][5]       ; Stuck at VCC due to stuck port data_in ;
; design_7:dut|LCD:LCD|Datas[22][6]       ; Stuck at GND due to stuck port data_in ;
; design_7:dut|LCD:LCD|Datas[22][7]       ; Stuck at GND due to stuck port data_in ;
; design_7:dut|LCD:LCD|Datas[21][4]       ; Stuck at VCC due to stuck port data_in ;
; design_7:dut|LCD:LCD|Datas[21][5]       ; Stuck at VCC due to stuck port data_in ;
; design_7:dut|LCD:LCD|Datas[21][6]       ; Stuck at GND due to stuck port data_in ;
; design_7:dut|LCD:LCD|Datas[21][7]       ; Stuck at GND due to stuck port data_in ;
; Total Number of Removed Registers = 203 ;                                        ;
+-----------------------------------------+----------------------------------------+


+------------------------------------------------------+
; General Register Statistics                          ;
+----------------------------------------------+-------+
; Statistic                                    ; Value ;
+----------------------------------------------+-------+
; Total registers                              ; 122   ;
; Number of registers using Synchronous Clear  ; 32    ;
; Number of registers using Synchronous Load   ; 4     ;
; Number of registers using Asynchronous Clear ; 0     ;
; Number of registers using Asynchronous Load  ; 0     ;
; Number of registers using Clock Enable       ; 8     ;
; Number of registers using Preset             ; 0     ;
+----------------------------------------------+-------+


+--------------------------------------------------+
; Inverted Register Statistics                     ;
+----------------------------------------+---------+
; Inverted Register                      ; Fan out ;
+----------------------------------------+---------+
; design_7:dut|LCD:LCD|j[0]              ; 28      ;
; Total number of inverted registers = 1 ;         ;
+----------------------------------------+---------+


+--------------------------------------------------------------------------------------------------------------------------------------------------------------------+
; Multiplexer Restructuring Statistics (Restructuring Performed)                                                                                                     ;
+--------------------+-----------+---------------+----------------------+------------------------+------------+------------------------------------------------------+
; Multiplexer Inputs ; Bus Width ; Baseline Area ; Area if Restructured ; Saving if Restructured ; Registered ; Example Multiplexer Output                           ;
+--------------------+-----------+---------------+----------------------+------------------------+------------+------------------------------------------------------+
; 3:1                ; 32 bits   ; 64 LEs        ; 32 LEs               ; 32 LEs                 ; Yes        ; |wrapper_7|design_7:dut|LCD:LCD|i[28]                ;
; 5:1                ; 31 bits   ; 93 LEs        ; 31 LEs               ; 62 LEs                 ; Yes        ; |wrapper_7|design_7:dut|LCD:LCD|j[1]                 ;
; 64:1               ; 4 bits    ; 168 LEs       ; 56 LEs               ; 112 LEs                ; Yes        ; |wrapper_7|design_7:dut|LCD:LCD|data_lcd[5]          ;
; 64:1               ; 4 bits    ; 168 LEs       ; 80 LEs               ; 88 LEs                 ; Yes        ; |wrapper_7|design_7:dut|LCD:LCD|data_lcd[0]          ;
; 4:1                ; 32 bits   ; 64 LEs        ; 32 LEs               ; 32 LEs                 ; No         ; |wrapper_7|design_7:dut|LCD:LCD|j                    ;
; 12:1               ; 10 bits   ; 80 LEs        ; 70 LEs               ; 10 LEs                 ; No         ; |wrapper_7|design_7:dut|bin2dec:bin2dec0|y           ;
; 12:1               ; 11 bits   ; 88 LEs        ; 77 LEs               ; 11 LEs                 ; No         ; |wrapper_7|design_7:dut|bin2dec:bin2dec0|y           ;
; 12:1               ; 12 bits   ; 96 LEs        ; 84 LEs               ; 12 LEs                 ; No         ; |wrapper_7|design_7:dut|bin2dec:bin2dec0|y           ;
; 12:1               ; 4 bits    ; 32 LEs        ; 28 LEs               ; 4 LEs                  ; No         ; |wrapper_7|design_7:dut|bin2dec:bin2dec0|dec_o[0][6] ;
; 12:1               ; 2 bits    ; 16 LEs        ; 12 LEs               ; 4 LEs                  ; No         ; |wrapper_7|design_7:dut|bin2dec:bin2dec1|y           ;
; 12:1               ; 10 bits   ; 80 LEs        ; 70 LEs               ; 10 LEs                 ; No         ; |wrapper_7|design_7:dut|bin2dec:bin2dec1|y           ;
; 12:1               ; 2 bits    ; 16 LEs        ; 12 LEs               ; 4 LEs                  ; No         ; |wrapper_7|design_7:dut|bin2dec:bin2dec1|y           ;
; 12:1               ; 11 bits   ; 88 LEs        ; 77 LEs               ; 11 LEs                 ; No         ; |wrapper_7|design_7:dut|bin2dec:bin2dec1|y           ;
; 12:1               ; 2 bits    ; 16 LEs        ; 12 LEs               ; 4 LEs                  ; No         ; |wrapper_7|design_7:dut|bin2dec:bin2dec1|y           ;
; 12:1               ; 12 bits   ; 96 LEs        ; 84 LEs               ; 12 LEs                 ; No         ; |wrapper_7|design_7:dut|bin2dec:bin2dec1|y           ;
; 12:1               ; 4 bits    ; 32 LEs        ; 28 LEs               ; 4 LEs                  ; No         ; |wrapper_7|design_7:dut|bin2dec:bin2dec1|dec_o[0][4] ;
+--------------------+-----------+---------------+----------------------+------------------------+------------+------------------------------------------------------+


+-------------------------------+
; Elapsed Time Per Partition    ;
+----------------+--------------+
; Partition Name ; Elapsed Time ;
+----------------+--------------+
; Top            ; 00:00:26     ;
+----------------+--------------+


+-------------------------------+
; Analysis & Synthesis Messages ;
+-------------------------------+
Info: *******************************************************************
Info: Running Quartus II 64-Bit Analysis & Synthesis
    Info: Version 13.0.1 Build 232 06/12/2013 Service Pack 1 SJ Web Edition
    Info: Processing started: Wed Apr 19 10:30:07 2023
Info: Command: quartus_map --read_settings_files=on --write_settings_files=off wrapper_7 -c wrapper_7
Warning (20028): Parallel compilation is not licensed and has been disabled
Info (12021): Found 1 design units, including 1 entities, in source file wrapper_7.sv
    Info (12023): Found entity 1: wrapper_7
Info (12021): Found 1 design units, including 1 entities, in source file //wsl.localhost/ubuntu-20.04/home/hoanghungcb1/projects/bai7/src/sqrt.sv
    Info (12023): Found entity 1: sqrt
Info (12021): Found 1 design units, including 1 entities, in source file //wsl.localhost/ubuntu-20.04/home/hoanghungcb1/projects/bai7/src/lcd.sv
    Info (12023): Found entity 1: LCD
Info (12021): Found 1 design units, including 1 entities, in source file //wsl.localhost/ubuntu-20.04/home/hoanghungcb1/projects/bai7/src/design_7.sv
    Info (12023): Found entity 1: design_7
Info (12021): Found 1 design units, including 1 entities, in source file //wsl.localhost/ubuntu-20.04/home/hoanghungcb1/projects/bai7/src/binh_phuong.sv
    Info (12023): Found entity 1: binh_phuong
Info (12021): Found 1 design units, including 1 entities, in source file //wsl.localhost/ubuntu-20.04/home/hoanghungcb1/projects/bai7/src/bin2dec.sv
    Info (12023): Found entity 1: bin2dec
Info (12127): Elaborating entity "wrapper_7" for the top level hierarchy
Info (12128): Elaborating entity "design_7" for hierarchy "design_7:dut"
Warning (10240): Verilog HDL Always Construct warning at design_7.sv(15): inferring latch(es) for variable "A", which holds its previous value in one or more paths through the always construct
Warning (10240): Verilog HDL Always Construct warning at design_7.sv(15): inferring latch(es) for variable "B", which holds its previous value in one or more paths through the always construct
Info (10041): Inferred latch for "B[0]" at design_7.sv(15)
Info (10041): Inferred latch for "B[1]" at design_7.sv(15)
Info (10041): Inferred latch for "B[2]" at design_7.sv(15)
Info (10041): Inferred latch for "B[3]" at design_7.sv(15)
Info (10041): Inferred latch for "B[4]" at design_7.sv(15)
Info (10041): Inferred latch for "B[5]" at design_7.sv(15)
Info (10041): Inferred latch for "B[6]" at design_7.sv(15)
Info (10041): Inferred latch for "B[7]" at design_7.sv(15)
Info (10041): Inferred latch for "B[8]" at design_7.sv(15)
Info (10041): Inferred latch for "B[9]" at design_7.sv(15)
Info (10041): Inferred latch for "B[10]" at design_7.sv(15)
Info (10041): Inferred latch for "B[11]" at design_7.sv(15)
Info (10041): Inferred latch for "B[12]" at design_7.sv(15)
Info (10041): Inferred latch for "B[13]" at design_7.sv(15)
Info (10041): Inferred latch for "B[14]" at design_7.sv(15)
Info (10041): Inferred latch for "B[15]" at design_7.sv(15)
Info (10041): Inferred latch for "A[0]" at design_7.sv(15)
Info (10041): Inferred latch for "A[1]" at design_7.sv(15)
Info (10041): Inferred latch for "A[2]" at design_7.sv(15)
Info (10041): Inferred latch for "A[3]" at design_7.sv(15)
Info (10041): Inferred latch for "A[4]" at design_7.sv(15)
Info (10041): Inferred latch for "A[5]" at design_7.sv(15)
Info (10041): Inferred latch for "A[6]" at design_7.sv(15)
Info (10041): Inferred latch for "A[7]" at design_7.sv(15)
Info (10041): Inferred latch for "A[8]" at design_7.sv(15)
Info (10041): Inferred latch for "A[9]" at design_7.sv(15)
Info (10041): Inferred latch for "A[10]" at design_7.sv(15)
Info (10041): Inferred latch for "A[11]" at design_7.sv(15)
Info (10041): Inferred latch for "A[12]" at design_7.sv(15)
Info (10041): Inferred latch for "A[13]" at design_7.sv(15)
Info (10041): Inferred latch for "A[14]" at design_7.sv(15)
Info (10041): Inferred latch for "A[15]" at design_7.sv(15)
Info (12128): Elaborating entity "binh_phuong" for hierarchy "design_7:dut|binh_phuong:binh_phuong_A"
Info (12128): Elaborating entity "sqrt" for hierarchy "design_7:dut|sqrt:sqrt0"
Warning (10230): Verilog HDL assignment warning at sqrt.sv(18): truncated value with size 91 to match size of target (43)
Warning (10230): Verilog HDL assignment warning at sqrt.sv(28): truncated value with size 43 to match size of target (17)
Info (12128): Elaborating entity "bin2dec" for hierarchy "design_7:dut|bin2dec:bin2dec0"
Warning (10230): Verilog HDL assignment warning at bin2dec.sv(14): truncated value with size 32 to match size of target (17)
Warning (10230): Verilog HDL assignment warning at bin2dec.sv(15): truncated value with size 32 to match size of target (4)
Warning (10230): Verilog HDL assignment warning at bin2dec.sv(25): truncated value with size 32 to match size of target (17)
Warning (10230): Verilog HDL assignment warning at bin2dec.sv(26): truncated value with size 32 to match size of target (4)
Warning (10230): Verilog HDL assignment warning at bin2dec.sv(36): truncated value with size 32 to match size of target (17)
Warning (10230): Verilog HDL assignment warning at bin2dec.sv(37): truncated value with size 32 to match size of target (4)
Warning (10230): Verilog HDL assignment warning at bin2dec.sv(47): truncated value with size 32 to match size of target (17)
Warning (10230): Verilog HDL assignment warning at bin2dec.sv(48): truncated value with size 32 to match size of target (4)
Warning (10230): Verilog HDL assignment warning at bin2dec.sv(52): truncated value with size 17 to match size of target (8)
Warning (10230): Verilog HDL assignment warning at bin2dec.sv(56): truncated value with size 17 to match size of target (8)
Info (12128): Elaborating entity "LCD" for hierarchy "design_7:dut|LCD:LCD"
Warning (13024): Output pins are stuck at VCC or GND
    Warning (13410): Pin "LCD_ON" is stuck at VCC
    Warning (13410): Pin "LCD_BLON" is stuck at VCC
    Warning (13410): Pin "LCD_RW" is stuck at GND
Info (16010): Generating hard_block partition "hard_block:auto_generated_inst"
    Info (16011): Adding 0 node(s), including 0 DDIO, 0 PLL, 0 transceiver and 0 LCELL
Info (21057): Implemented 4798 device resources after synthesis - the final resource count might be different
    Info (21058): Implemented 20 input pins
    Info (21059): Implemented 13 output pins
    Info (21061): Implemented 4765 logic cells
Info: Quartus II 64-Bit Analysis & Synthesis was successful. 0 errors, 19 warnings
    Info: Peak virtual memory: 4619 megabytes
    Info: Processing ended: Wed Apr 19 10:30:39 2023
    Info: Elapsed time: 00:00:32
    Info: Total CPU time (on all processors): 00:00:21


